<html>
<body>
<pre>
<h1>µVision Build Log</h1>
<h2>Project:</h2>
N:\se_350\se350-awesome-os\rtx.uvproj
Project File Date:  01/23/2015

<h2>Output:</h2>
Rebuild target 'RTX'
assembling startup_LPC17xx.s...
compiling system_LPC17xx.c...
compiling uart_polling.c...
compiling main.c...
main.c(22): warning:  #550-D: variable "test" was set but never used
compiling rtx.c...
rtx.c(17): error:  #144: a value of type "Process" cannot be used to initialize an entity of type "Process *"
rtx.c(26): error:  #144: a value of type "Process" cannot be used to initialize an entity of type "Process *"
rtx.c(41): error:  #44: expression must have pointer type
rtx.c(61): error:  #44: expression must have pointer type
rtx.c(62): error:  #44: expression must have pointer type
rtx.c(63): error:  #44: expression must have pointer type
rtx.c(64): error:  #44: expression must have pointer type
Target not created
Rebuild target 'RTX'
assembling startup_LPC17xx.s...
compiling system_LPC17xx.c...
compiling uart_polling.c...
compiling main.c...
main.c(22): warning:  #550-D: variable "test" was set but never used
compiling rtx.c...
rtx.c(19): error:  #44: expression must have pointer type
rtx.c(21): error:  #513: a value of type "Process" cannot be assigned to an entity of type "Process *"
rtx.c(30): error:  #44: expression must have pointer type
rtx.c(36): error:  #513: a value of type "Process" cannot be assigned to an entity of type "Process *"
Target not created
Rebuild target 'RTX'
assembling startup_LPC17xx.s...
compiling system_LPC17xx.c...
compiling uart_polling.c...
compiling main.c...
main.c(22): warning:  #550-D: variable "test" was set but never used
compiling rtx.c...
rtx.c(19): error:  #154: expression must have struct or union type
rtx.c(30): error:  #44: expression must have pointer type
rtx.c(36): error:  #513: a value of type "Process" cannot be assigned to an entity of type "Process *"
Target not created
Rebuild target 'RTX'
assembling startup_LPC17xx.s...
compiling system_LPC17xx.c...
compiling uart_polling.c...
compiling main.c...
main.c(22): warning:  #550-D: variable "test" was set but never used
compiling rtx.c...
rtx.c(30): error:  #44: expression must have pointer type
rtx.c(36): error:  #513: a value of type "Process" cannot be assigned to an entity of type "Process *"
Target not created
Rebuild target 'RTX'
assembling startup_LPC17xx.s...
compiling system_LPC17xx.c...
compiling uart_polling.c...
compiling main.c...
main.c(22): warning:  #550-D: variable "test" was set but never used
compiling rtx.c...
linking...
Program Size: Code=1920 RO-data=316 RW-data=8 ZI-data=808  
"rtx.axf" - 0 Error(s), 1 Warning(s).
Load "N:\\se_350\\se350-awesome-os\\rtx.AXF" 
No Algorithm found for: 10000000H - 100008BFH
Partial Erase Done (areas with no algorithms skipped!)
No Algorithm found for: 10000000H - 100008BFH
Partial Programming Done (areas with no algorithms skipped!)
Partial Verify OK (areas with no algorithms skipped!)
Rebuild target 'RTX'
assembling startup_LPC17xx.s...
compiling system_LPC17xx.c...
compiling uart_polling.c...
compiling main.c...
main.c(22): warning:  #550-D: variable "test" was set but never used
compiling rtx.c...
linking...
Program Size: Code=1920 RO-data=316 RW-data=8 ZI-data=808  
"rtx.axf" - 0 Error(s), 1 Warning(s).
Load "N:\\se_350\\se350-awesome-os\\rtx.AXF" 
No Algorithm found for: 10000000H - 100008BFH
Partial Erase Done (areas with no algorithms skipped!)
No Algorithm found for: 10000000H - 100008BFH
Partial Programming Done (areas with no algorithms skipped!)
Partial Verify OK (areas with no algorithms skipped!)
Rebuild target 'RTX'
assembling startup_LPC17xx.s...
compiling system_LPC17xx.c...
compiling uart_polling.c...
compiling main.c...
main.c(28): warning:  #550-D: variable "test" was set but never used
compiling rtx.c...
linking...
Program Size: Code=1928 RO-data=316 RW-data=8 ZI-data=808  
"rtx.axf" - 0 Error(s), 1 Warning(s).
Load "N:\\se_350\\se350-awesome-os\\rtx.AXF" 
No Algorithm found for: 10000000H - 100008C7H
Partial Erase Done (areas with no algorithms skipped!)
No Algorithm found for: 10000000H - 100008C7H
Partial Programming Done (areas with no algorithms skipped!)
Partial Verify OK (areas with no algorithms skipped!)
Rebuild target 'RTX'
assembling startup_LPC17xx.s...
compiling system_LPC17xx.c...
compiling uart_polling.c...
compiling main.c...
main.c(28): warning:  #550-D: variable "test" was set but never used
compiling rtx.c...
linking...
Program Size: Code=1928 RO-data=316 RW-data=8 ZI-data=808  
"rtx.axf" - 0 Error(s), 1 Warning(s).
Load "N:\\se_350\\se350-awesome-os\\rtx.AXF" 
No Algorithm found for: 10000000H - 100008C7H
Partial Erase Done (areas with no algorithms skipped!)
No Algorithm found for: 10000000H - 100008C7H
Partial Programming Done (areas with no algorithms skipped!)
Partial Verify OK (areas with no algorithms skipped!)
Rebuild target 'RTX'
assembling startup_LPC17xx.s...
compiling system_LPC17xx.c...
compiling uart_polling.c...
compiling main.c...
main.c(28): warning:  #550-D: variable "test" was set but never used
compiling rtx.c...
procs.h(12): error:  #20: identifier "NUM_PROCS" is undefined
procs.h(14): warning:  #1-D: last line of file ends without a newline
rtx.c(17): error:  #20: identifier "Process" is undefined
rtx.c(17): error:  #20: identifier "currProc" is undefined
rtx.c(18): error:  #268: declaration may not appear after executable statement in block
rtx.c(21): error:  #268: declaration may not appear after executable statement in block
rtx.c(22): error:  #268: declaration may not appear after executable statement in block
rtx.c(23): error:  #268: declaration may not appear after executable statement in block
rtx.c(34): warning:  #223-D: function "currentProc" declared implicitly
rtx.c(89): error:  #20: identifier "NUM_PROCS" is undefined
rtx.c(100): error:  #20: identifier "NUM_PROCS" is undefined
Target not created
Rebuild target 'RTX'
assembling startup_LPC17xx.s...
compiling system_LPC17xx.c...
compiling uart_polling.c...
compiling main.c...
main.c(28): warning:  #550-D: variable "test" was set but never used
compiling rtx.c...
procs.h(14): warning:  #1-D: last line of file ends without a newline
rtx.c(17): error:  #20: identifier "Process" is undefined
rtx.c(17): error:  #20: identifier "currProc" is undefined
rtx.c(18): error:  #268: declaration may not appear after executable statement in block
rtx.c(21): error:  #268: declaration may not appear after executable statement in block
rtx.c(22): error:  #268: declaration may not appear after executable statement in block
rtx.c(23): error:  #268: declaration may not appear after executable statement in block
rtx.c(34): warning:  #223-D: function "currentProc" declared implicitly
rtx.c(89): error:  #20: identifier "NUM_PROCS" is undefined
rtx.c(100): error:  #20: identifier "NUM_PROCS" is undefined
Target not created
Rebuild target 'RTX'
assembling startup_LPC17xx.s...
compiling system_LPC17xx.c...
compiling uart_polling.c...
compiling main.c...
main.c(28): warning:  #550-D: variable "test" was set but never used
compiling rtx.c...
rtx.c(17): error:  #20: identifier "Process" is undefined
rtx.c(17): error:  #20: identifier "currProc" is undefined
rtx.c(18): error:  #268: declaration may not appear after executable statement in block
rtx.c(21): error:  #268: declaration may not appear after executable statement in block
rtx.c(22): error:  #268: declaration may not appear after executable statement in block
rtx.c(23): error:  #268: declaration may not appear after executable statement in block
rtx.c(34): warning:  #223-D: function "currentProc" declared implicitly
rtx.c(89): error:  #20: identifier "NUM_PROCS" is undefined
rtx.c(100): error:  #20: identifier "NUM_PROCS" is undefined
Target not created
Rebuild target 'RTX'
assembling startup_LPC17xx.s...
compiling system_LPC17xx.c...
compiling uart_polling.c...
compiling main.c...
main.c(28): warning:  #550-D: variable "test" was set but never used
compiling rtx.c...
rtx.c(87): error:  #20: identifier "NUM_PROCS" is undefined
rtx.c(98): error:  #20: identifier "NUM_PROCS" is undefined
Target not created
Rebuild target 'RTX'
assembling startup_LPC17xx.s...
compiling system_LPC17xx.c...
compiling uart_polling.c...
compiling main.c...
main.c(28): warning:  #550-D: variable "test" was set but never used
compiling rtx.c...
linking...
rtx.axf: Error: L6218E: Undefined symbol initProcs (referred from main.o).
rtx.axf: Error: L6218E: Undefined symbol addProcessToQueue (referred from rtx.o).
rtx.axf: Error: L6218E: Undefined symbol getCurrentPid (referred from rtx.o).
rtx.axf: Error: L6218E: Undefined symbol getProcessPriority (referred from rtx.o).
rtx.axf: Error: L6218E: Undefined symbol removeProcessFromQueue (referred from rtx.o).
rtx.axf: Error: L6218E: Undefined symbol returnToCurrentContext (referred from rtx.o).
rtx.axf: Error: L6218E: Undefined symbol setProcessPriority (referred from rtx.o).
Target not created
Rebuild target 'RTX'
assembling startup_LPC17xx.s...
compiling system_LPC17xx.c...
compiling uart_polling.c...
compiling main.c...
main.c(28): warning:  #550-D: variable "test" was set but never used
compiling rtx.c...
compiling procs.c...
procs.c(15): error:  #144: a value of type "const Process *" cannot be used to initialize an entity of type "ProcessHANDLE"
procs.c(29): error:  #144: a value of type "const Process *" cannot be used to initialize an entity of type "ProcessHANDLE"
procs.c(39): error:  #137: expression must be a modifiable lvalue
procs.c(57): error:  #20: identifier "NUM_PROCS" is undefined
procs.c(62): error:  #137: expression must be a modifiable lvalue
procs.c(63): error:  #137: expression must be a modifiable lvalue
procs.c(64): error:  #137: expression must be a modifiable lvalue
procs.c(65): error:  #137: expression must be a modifiable lvalue
procs.c(66): error:  #513: a value of type "const Process *" cannot be assigned to an entity of type "ProcessHANDLE"
procs.c(71): warning:  #1-D: last line of file ends without a newline
Target not created
Rebuild target 'RTX'
assembling startup_LPC17xx.s...
compiling system_LPC17xx.c...
compiling uart_polling.c...
compiling main.c...
main.c(28): warning:  #550-D: variable "test" was set but never used
compiling rtx.c...
compiling procs.c...
procs.c(57): error:  #20: identifier "NUM_PROCS" is undefined
procs.c(71): warning:  #1-D: last line of file ends without a newline
Target not created
Rebuild target 'RTX'
assembling startup_LPC17xx.s...
compiling system_LPC17xx.c...
compiling uart_polling.c...
compiling main.c...
main.c(28): warning:  #550-D: variable "test" was set but never used
compiling rtx.c...
compiling procs.c...
linking...
Program Size: Code=1836 RO-data=260 RW-data=8 ZI-data=672  
"rtx.axf" - 0 Error(s), 1 Warning(s).
Load "N:\\se_350\\se350-awesome-os\\rtx.AXF" 
No Algorithm found for: 10000000H - 10000833H
Partial Erase Done (areas with no algorithms skipped!)
No Algorithm found for: 10000000H - 10000833H
Partial Programming Done (areas with no algorithms skipped!)
Partial Verify OK (areas with no algorithms skipped!)
Rebuild target 'RTX'
assembling startup_LPC17xx.s...
compiling system_LPC17xx.c...
compiling uart_polling.c...
compiling main.c...
main.c(28): warning:  #550-D: variable "test" was set but never used
compiling rtx.c...
compiling procs.c...
linking...
Program Size: Code=1836 RO-data=260 RW-data=8 ZI-data=672  
"rtx.axf" - 0 Error(s), 1 Warning(s).
Load "N:\\se_350\\se350-awesome-os\\rtx.AXF" 
No Algorithm found for: 10000000H - 10000833H
Partial Erase Done (areas with no algorithms skipped!)
No Algorithm found for: 10000000H - 10000833H
Partial Programming Done (areas with no algorithms skipped!)
Partial Verify OK (areas with no algorithms skipped!)
Rebuild target 'RTX'
assembling startup_LPC17xx.s...
compiling system_LPC17xx.c...
compiling uart_polling.c...
compiling main.c...
main.c(28): warning:  #550-D: variable "test" was set but never used
compiling rtx.c...
compiling procs.c...
linking...
Program Size: Code=1836 RO-data=260 RW-data=8 ZI-data=672  
"rtx.axf" - 0 Error(s), 1 Warning(s).
Load "N:\\se_350\\se350-awesome-os\\rtx.AXF" 
No Algorithm found for: 10000000H - 10000833H
Partial Erase Done (areas with no algorithms skipped!)
No Algorithm found for: 10000000H - 10000833H
Partial Programming Done (areas with no algorithms skipped!)
Partial Verify OK (areas with no algorithms skipped!)
Rebuild target 'RTX'
assembling startup_LPC17xx.s...
compiling system_LPC17xx.c...
compiling uart_polling.c...
compiling main.c...
main.c(28): warning:  #550-D: variable "test" was set but never used
compiling rtx.c...
compiling procs.c...
linking...
Program Size: Code=1836 RO-data=260 RW-data=8 ZI-data=672  
"rtx.axf" - 0 Error(s), 1 Warning(s).
Load "N:\\se_350\\se350-awesome-os\\rtx.AXF" 
No Algorithm found for: 10000000H - 10000833H
Partial Erase Done (areas with no algorithms skipped!)
No Algorithm found for: 10000000H - 10000833H
Partial Programming Done (areas with no algorithms skipped!)
Partial Verify OK (areas with no algorithms skipped!)
Rebuild target 'RTX'
assembling startup_LPC17xx.s...
compiling system_LPC17xx.c...
compiling uart_polling.c...
compiling main.c...
main.c(28): warning:  #550-D: variable "test" was set but never used
compiling rtx.c...
compiling procs.c...
linking...
Program Size: Code=1832 RO-data=260 RW-data=8 ZI-data=672  
"rtx.axf" - 0 Error(s), 1 Warning(s).
Load "N:\\se_350\\se350-awesome-os\\rtx.AXF" 
No Algorithm found for: 10000000H - 1000082FH
Partial Erase Done (areas with no algorithms skipped!)
No Algorithm found for: 10000000H - 1000082FH
Partial Programming Done (areas with no algorithms skipped!)
Partial Verify OK (areas with no algorithms skipped!)
Rebuild target 'RTX'
assembling startup_LPC17xx.s...
compiling system_LPC17xx.c...
compiling uart_polling.c...
compiling main.c...
main.c(28): warning:  #550-D: variable "test" was set but never used
compiling rtx.c...
compiling procs.c...
linking...
Program Size: Code=1832 RO-data=260 RW-data=8 ZI-data=672  
"rtx.axf" - 0 Error(s), 1 Warning(s).
Load "N:\\se_350\\se350-awesome-os\\rtx.AXF" 
No Algorithm found for: 10000000H - 1000082FH
Partial Erase Done (areas with no algorithms skipped!)
No Algorithm found for: 10000000H - 1000082FH
Partial Programming Done (areas with no algorithms skipped!)
Partial Verify OK (areas with no algorithms skipped!)
Rebuild target 'RTX'
assembling startup_LPC17xx.s...
compiling system_LPC17xx.c...
compiling uart_polling.c...
compiling main.c...
main.c(28): warning:  #550-D: variable "test" was set but never used
compiling rtx.c...
compiling procs.c...
linking...
Program Size: Code=1832 RO-data=260 RW-data=8 ZI-data=672  
"rtx.axf" - 0 Error(s), 1 Warning(s).
Load "N:\\se_350\\se350-awesome-os\\rtx.AXF" 
No Algorithm found for: 10000000H - 1000082FH
Partial Erase Done (areas with no algorithms skipped!)
No Algorithm found for: 10000000H - 1000082FH
Partial Programming Done (areas with no algorithms skipped!)
Partial Verify OK (areas with no algorithms skipped!)
Rebuild target 'RTX'
assembling startup_LPC17xx.s...
compiling system_LPC17xx.c...
compiling uart_polling.c...
compiling main.c...
main.c(28): warning:  #550-D: variable "test" was set but never used
compiling rtx.c...
compiling procs.c...
linking...
Program Size: Code=1832 RO-data=260 RW-data=8 ZI-data=672  
"rtx.axf" - 0 Error(s), 1 Warning(s).
Load "N:\\se_350\\se350-awesome-os\\rtx.AXF" 
No Algorithm found for: 10000000H - 1000082FH
Partial Erase Done (areas with no algorithms skipped!)
No Algorithm found for: 10000000H - 1000082FH
Partial Programming Done (areas with no algorithms skipped!)
Partial Verify OK (areas with no algorithms skipped!)
Rebuild target 'RTX'
assembling startup_LPC17xx.s...
compiling system_LPC17xx.c...
compiling uart_polling.c...
compiling main.c...
main.c(28): warning:  #550-D: variable "test" was set but never used
compiling rtx.c...
compiling procs.c...
linking...
Program Size: Code=1808 RO-data=260 RW-data=8 ZI-data=672  
"rtx.axf" - 0 Error(s), 1 Warning(s).
Load "N:\\se_350\\se350-awesome-os\\rtx.AXF" 
No Algorithm found for: 10000000H - 10000817H
Partial Erase Done (areas with no algorithms skipped!)
No Algorithm found for: 10000000H - 10000817H
Partial Programming Done (areas with no algorithms skipped!)
Partial Verify OK (areas with no algorithms skipped!)
Rebuild target 'RTX'
assembling startup_LPC17xx.s...
compiling system_LPC17xx.c...
compiling uart_polling.c...
compiling main.c...
main.c(34): warning:  #550-D: variable "test" was set but never used
compiling rtx.c...
compiling procs.c...
linking...
Program Size: Code=1804 RO-data=260 RW-data=8 ZI-data=672  
"rtx.axf" - 0 Error(s), 1 Warning(s).
Load "N:\\se_350\\se350-awesome-os\\rtx.AXF" 
No Algorithm found for: 10000000H - 10000813H
Partial Erase Done (areas with no algorithms skipped!)
No Algorithm found for: 10000000H - 10000813H
Partial Programming Done (areas with no algorithms skipped!)
Partial Verify OK (areas with no algorithms skipped!)
Rebuild target 'RTX'
assembling startup_LPC17xx.s...
compiling system_LPC17xx.c...
compiling uart_polling.c...
compiling main.c...
main.c(34): warning:  #550-D: variable "test" was set but never used
compiling rtx.c...
compiling procs.c...
linking...
Program Size: Code=1820 RO-data=260 RW-data=8 ZI-data=672  
"rtx.axf" - 0 Error(s), 1 Warning(s).
Load "N:\\se_350\\se350-awesome-os\\rtx.AXF" 
No Algorithm found for: 10000000H - 10000823H
Partial Erase Done (areas with no algorithms skipped!)
No Algorithm found for: 10000000H - 10000823H
Partial Programming Done (areas with no algorithms skipped!)
Partial Verify OK (areas with no algorithms skipped!)
Rebuild target 'RTX'
assembling startup_LPC17xx.s...
compiling system_LPC17xx.c...
compiling uart_polling.c...
compiling main.c...
main.c(34): warning:  #550-D: variable "test" was set but never used
compiling rtx.c...
compiling procs.c...
linking...
Program Size: Code=1856 RO-data=260 RW-data=8 ZI-data=672  
"rtx.axf" - 0 Error(s), 1 Warning(s).
Build target 'RTX'
compiling main.c...
main.c(34): warning:  #550-D: variable "test" was set but never used
linking...
Program Size: Code=1844 RO-data=260 RW-data=8 ZI-data=672  
"rtx.axf" - 0 Error(s), 1 Warning(s).
Rebuild target 'RTX'
assembling startup_LPC17xx.s...
compiling system_LPC17xx.c...
compiling uart_polling.c...
compiling main.c...
main.c(34): warning:  #550-D: variable "test" was set but never used
compiling rtx.c...
compiling procs.c...
linking...
Program Size: Code=1844 RO-data=260 RW-data=8 ZI-data=672  
"rtx.axf" - 0 Error(s), 1 Warning(s).
Load "N:\\se_350\\se350-awesome-os\\rtx.AXF" 
No Algorithm found for: 10000000H - 1000083BH
Partial Erase Done (areas with no algorithms skipped!)
No Algorithm found for: 10000000H - 1000083BH
Partial Programming Done (areas with no algorithms skipped!)
Partial Verify OK (areas with no algorithms skipped!)
Rebuild target 'RTX'
assembling startup_LPC17xx.s...
compiling system_LPC17xx.c...
compiling uart_polling.c...
compiling main.c...
main.c(34): warning:  #550-D: variable "test" was set but never used
compiling rtx.c...
compiling procs.c...
linking...
Program Size: Code=1860 RO-data=260 RW-data=8 ZI-data=672  
"rtx.axf" - 0 Error(s), 1 Warning(s).
Load "N:\\se_350\\se350-awesome-os\\rtx.AXF" 
No Algorithm found for: 10000000H - 1000084BH
Partial Erase Done (areas with no algorithms skipped!)
No Algorithm found for: 10000000H - 1000084BH
Partial Programming Done (areas with no algorithms skipped!)
Partial Verify OK (areas with no algorithms skipped!)
Rebuild target 'RTX'
assembling startup_LPC17xx.s...
compiling system_LPC17xx.c...
compiling uart_polling.c...
compiling main.c...
main.c(34): warning:  #550-D: variable "test" was set but never used
compiling rtx.c...
compiling procs.c...
linking...
Program Size: Code=1844 RO-data=260 RW-data=8 ZI-data=672  
"rtx.axf" - 0 Error(s), 1 Warning(s).
Load "N:\\se_350\\se350-awesome-os\\rtx.AXF" 
No Algorithm found for: 10000000H - 1000083BH
Partial Erase Done (areas with no algorithms skipped!)
No Algorithm found for: 10000000H - 1000083BH
Partial Programming Done (areas with no algorithms skipped!)
Partial Verify OK (areas with no algorithms skipped!)
Rebuild target 'RTX'
assembling startup_LPC17xx.s...
compiling system_LPC17xx.c...
compiling uart_polling.c...
compiling main.c...
main.c(32): warning:  #550-D: variable "test" was set but never used
compiling rtx.c...
compiling procs.c...
linking...
Program Size: Code=1836 RO-data=260 RW-data=8 ZI-data=672  
"rtx.axf" - 0 Error(s), 1 Warning(s).
Load "N:\\se_350\\se350-awesome-os\\rtx.AXF" 
No Algorithm found for: 10000000H - 10000833H
Partial Erase Done (areas with no algorithms skipped!)
No Algorithm found for: 10000000H - 10000833H
Partial Programming Done (areas with no algorithms skipped!)
Partial Verify OK (areas with no algorithms skipped!)
