<html>
<body>
<pre>
<h1>µVision Build Log</h1>
<h2>Project:</h2>
N:\se_350\se350-awesome-os\rtx.uvproj
Project File Date:  01/23/2015

<h2>Output:</h2>
Load "N:\\se_350\\se350-awesome-os\\rtx.AXF" 
No Algorithm found for: 10000000H - 1000059BH
Partial Erase Done (areas with no algorithms skipped!)
No Algorithm found for: 10000000H - 1000059BH
Partial Programming Done (areas with no algorithms skipped!)
Partial Verify OK (areas with no algorithms skipped!)
Rebuild target 'RTX'
assembling startup_LPC17xx.s...
compiling system_LPC17xx.c...
compiling uart_polling.c...
compiling main.c...
main.c(18): error:  #268: declaration may not appear after executable statement in block
compiling rtx.c...
rtx.c(8): error:  #20: identifier "uint32_t" is undefined
rtx.c(9): warning:  #375-D: declaration requires a typedef name
rtx.c(11): error:  #20: identifier "mem_blk" is undefined
rtx.c(16): warning:  #174-D: expression has no effect
rtx.c(17): error:  #268: declaration may not appear after executable statement in block
rtx.c(20): error:  #268: declaration may not appear after executable statement in block
rtx.c(23): error:  #144: a value of type "U32" cannot be used to initialize an entity of type "void *"
rtx.c(24): error:  #154: expression must have struct or union type
rtx.c(30): error:  #79: expected a type specifier
rtx.c(30): error:  #147-D: declaration is incompatible with "void *_request_memory_block(U32)__svc(2147483648)" (declared at line 86 of "rtx.h")
rtx.c(30): error:  #141-D: unnamed prototyped parameters not allowed when body is present
rtx.c(31): warning:  #223-D: function "atomic" declared implicitly
rtx.c(31): error:  #20: identifier "on" is undefined
rtx.c(33): error:  #268: declaration may not appear after executable statement in block
rtx.c(36): error:  #20: identifier "off" is undefined
rtx.c(40): error:  #79: expected a type specifier
rtx.c(40): error:  #147-D: declaration is incompatible with "int _release_memory_block(U32, void *)__svc(2147483648)" (declared at line 90 of "rtx.h")
rtx.c(40): error:  #141-D: unnamed prototyped parameters not allowed when body is present
rtx.c(42): warning:  #1-D: last line of file ends without a newline
rtx.c(42): warning:  #940-D: missing return statement at end of non-void function "_release_memory_block"
Target not created
Rebuild target 'RTX'
assembling startup_LPC17xx.s...
compiling system_LPC17xx.c...
compiling uart_polling.c...
compiling main.c...
main.c(13): warning:  #550-D: variable "test" was set but never used
compiling rtx.c...
rtx.c(8): error:  #20: identifier "uint32_t" is undefined
rtx.c(9): warning:  #375-D: declaration requires a typedef name
rtx.c(11): error:  #20: identifier "mem_blk" is undefined
rtx.c(16): warning:  #174-D: expression has no effect
rtx.c(17): error:  #268: declaration may not appear after executable statement in block
rtx.c(20): error:  #268: declaration may not appear after executable statement in block
rtx.c(23): error:  #144: a value of type "U32" cannot be used to initialize an entity of type "void *"
rtx.c(24): error:  #154: expression must have struct or union type
rtx.c(30): error:  #79: expected a type specifier
rtx.c(30): error:  #147-D: declaration is incompatible with "void *_request_memory_block(U32)__svc(2147483648)" (declared at line 86 of "rtx.h")
rtx.c(30): error:  #141-D: unnamed prototyped parameters not allowed when body is present
rtx.c(31): warning:  #223-D: function "atomic" declared implicitly
rtx.c(31): error:  #20: identifier "on" is undefined
rtx.c(33): error:  #268: declaration may not appear after executable statement in block
rtx.c(36): error:  #20: identifier "off" is undefined
rtx.c(40): error:  #79: expected a type specifier
rtx.c(40): error:  #147-D: declaration is incompatible with "int _release_memory_block(U32, void *)__svc(2147483648)" (declared at line 90 of "rtx.h")
rtx.c(40): error:  #141-D: unnamed prototyped parameters not allowed when body is present
rtx.c(42): warning:  #1-D: last line of file ends without a newline
rtx.c(42): warning:  #940-D: missing return statement at end of non-void function "_release_memory_block"
Target not created
Rebuild target 'RTX'
assembling startup_LPC17xx.s...
compiling system_LPC17xx.c...
compiling uart_polling.c...
compiling main.c...
main.c(13): warning:  #550-D: variable "test" was set but never used
compiling rtx.c...
rtx.c(16): warning:  #174-D: expression has no effect
rtx.c(17): error:  #268: declaration may not appear after executable statement in block
rtx.c(20): error:  #268: declaration may not appear after executable statement in block
rtx.c(21): error:  #513: a value of type "U32" cannot be assigned to an entity of type "mem_blk"
rtx.c(23): error:  #144: a value of type "U32" cannot be used to initialize an entity of type "void *"
rtx.c(24): error:  #154: expression must have struct or union type
rtx.c(25): error:  #513: a value of type "void *" cannot be assigned to an entity of type "mem_blk"
rtx.c(30): error:  #79: expected a type specifier
rtx.c(30): error:  #147-D: declaration is incompatible with "void *_request_memory_block(U32)__svc(2147483648)" (declared at line 86 of "rtx.h")
rtx.c(30): error:  #141-D: unnamed prototyped parameters not allowed when body is present
rtx.c(31): warning:  #223-D: function "atomic" declared implicitly
rtx.c(31): error:  #20: identifier "on" is undefined
rtx.c(33): error:  #268: declaration may not appear after executable statement in block
rtx.c(33): error:  #144: a value of type "mem_blk" cannot be used to initialize an entity of type "void *"
rtx.c(34): error:  #513: a value of type "U32 *" cannot be assigned to an entity of type "mem_blk"
rtx.c(36): error:  #20: identifier "off" is undefined
rtx.c(40): error:  #79: expected a type specifier
rtx.c(40): error:  #147-D: declaration is incompatible with "int _release_memory_block(U32, void *)__svc(2147483648)" (declared at line 90 of "rtx.h")
rtx.c(40): error:  #141-D: unnamed prototyped parameters not allowed when body is present
rtx.c(42): warning:  #1-D: last line of file ends without a newline
rtx.c(42): warning:  #940-D: missing return statement at end of non-void function "_release_memory_block"
Target not created
Rebuild target 'RTX'
assembling startup_LPC17xx.s...
compiling system_LPC17xx.c...
compiling uart_polling.c...
compiling main.c...
main.c(13): warning:  #550-D: variable "test" was set but never used
compiling rtx.c...
rtx.c(16): warning:  #174-D: expression has no effect
rtx.c(17): error:  #268: declaration may not appear after executable statement in block
rtx.c(20): error:  #268: declaration may not appear after executable statement in block
rtx.c(21): error:  #513: a value of type "U32" cannot be assigned to an entity of type "mem_blk"
rtx.c(23): error:  #144: a value of type "U32" cannot be used to initialize an entity of type "void *"
rtx.c(24): error:  #154: expression must have struct or union type
rtx.c(25): error:  #513: a value of type "void *" cannot be assigned to an entity of type "mem_blk"
rtx.c(30): error:  #79: expected a type specifier
rtx.c(30): error:  #147-D: declaration is incompatible with "void *_request_memory_block(U32)__svc(2147483648)" (declared at line 86 of "rtx.h")
rtx.c(30): error:  #141-D: unnamed prototyped parameters not allowed when body is present
rtx.c(31): warning:  #223-D: function "atomic" declared implicitly
rtx.c(31): error:  #20: identifier "on" is undefined
rtx.c(33): error:  #268: declaration may not appear after executable statement in block
rtx.c(33): error:  #144: a value of type "mem_blk" cannot be used to initialize an entity of type "void *"
rtx.c(34): error:  #513: a value of type "struct mem_blk_tag *" cannot be assigned to an entity of type "mem_blk"
rtx.c(36): error:  #20: identifier "off" is undefined
rtx.c(40): error:  #79: expected a type specifier
rtx.c(40): error:  #147-D: declaration is incompatible with "int _release_memory_block(U32, void *)__svc(2147483648)" (declared at line 90 of "rtx.h")
rtx.c(40): error:  #141-D: unnamed prototyped parameters not allowed when body is present
rtx.c(42): warning:  #1-D: last line of file ends without a newline
rtx.c(42): warning:  #940-D: missing return statement at end of non-void function "_release_memory_block"
Target not created
Rebuild target 'RTX'
assembling startup_LPC17xx.s...
compiling system_LPC17xx.c...
compiling uart_polling.c...
compiling main.c...
main.c(13): warning:  #550-D: variable "test" was set but never used
compiling rtx.c...
rtx.c(16): warning:  #174-D: expression has no effect
rtx.c(17): error:  #268: declaration may not appear after executable statement in block
rtx.c(20): error:  #268: declaration may not appear after executable statement in block
rtx.c(21): error:  #513: a value of type "U32" cannot be assigned to an entity of type "mem_blk"
rtx.c(23): error:  #144: a value of type "U32" cannot be used to initialize an entity of type "void *"
rtx.c(24): error:  #154: expression must have struct or union type
rtx.c(25): error:  #513: a value of type "void *" cannot be assigned to an entity of type "mem_blk"
rtx.c(30): error:  #79: expected a type specifier
rtx.c(30): error:  #147-D: declaration is incompatible with "void *_request_memory_block(U32)__svc(2147483648)" (declared at line 86 of "rtx.h")
rtx.c(30): error:  #141-D: unnamed prototyped parameters not allowed when body is present
rtx.c(31): warning:  #223-D: function "atomic" declared implicitly
rtx.c(31): error:  #20: identifier "on" is undefined
rtx.c(33): error:  #268: declaration may not appear after executable statement in block
rtx.c(33): error:  #144: a value of type "mem_blk" cannot be used to initialize an entity of type "void *"
rtx.c(34): error:  #513: a value of type "struct mem_blk_tag *" cannot be assigned to an entity of type "mem_blk"
rtx.c(36): error:  #20: identifier "off" is undefined
rtx.c(40): error:  #79: expected a type specifier
rtx.c(40): error:  #147-D: declaration is incompatible with "int _release_memory_block(U32, void *)__svc(2147483648)" (declared at line 90 of "rtx.h")
rtx.c(40): error:  #141-D: unnamed prototyped parameters not allowed when body is present
rtx.c(42): warning:  #1-D: last line of file ends without a newline
rtx.c(42): warning:  #940-D: missing return statement at end of non-void function "_release_memory_block"
Target not created
Rebuild target 'RTX'
assembling startup_LPC17xx.s...
compiling system_LPC17xx.c...
compiling uart_polling.c...
compiling main.c...
main.c(13): warning:  #550-D: variable "test" was set but never used
compiling rtx.c...
rtx.c(16): error:  #18: expected a ")"
rtx.c(16): warning:  #174-D: expression has no effect
rtx.c(16): error:  #65: expected a ";"
rtx.c(17): error:  #268: declaration may not appear after executable statement in block
rtx.c(20): error:  #268: declaration may not appear after executable statement in block
rtx.c(21): error:  #513: a value of type "U32" cannot be assigned to an entity of type "mem_blk"
rtx.c(23): error:  #144: a value of type "U32" cannot be used to initialize an entity of type "void *"
rtx.c(24): error:  #154: expression must have struct or union type
rtx.c(25): error:  #513: a value of type "void *" cannot be assigned to an entity of type "mem_blk"
rtx.c(30): error:  #79: expected a type specifier
rtx.c(30): error:  #147-D: declaration is incompatible with "void *_request_memory_block(U32)__svc(2147483648)" (declared at line 86 of "rtx.h")
rtx.c(30): error:  #141-D: unnamed prototyped parameters not allowed when body is present
rtx.c(31): warning:  #223-D: function "atomic" declared implicitly
rtx.c(31): error:  #20: identifier "on" is undefined
rtx.c(33): error:  #268: declaration may not appear after executable statement in block
rtx.c(33): error:  #144: a value of type "mem_blk" cannot be used to initialize an entity of type "void *"
rtx.c(34): error:  #513: a value of type "struct mem_blk_tag *" cannot be assigned to an entity of type "mem_blk"
rtx.c(36): error:  #20: identifier "off" is undefined
rtx.c(40): error:  #79: expected a type specifier
rtx.c(40): error:  #147-D: declaration is incompatible with "int _release_memory_block(U32, void *)__svc(2147483648)" (declared at line 90 of "rtx.h")
rtx.c(40): error:  #141-D: unnamed prototyped parameters not allowed when body is present
rtx.c(42): warning:  #1-D: last line of file ends without a newline
rtx.c(42): warning:  #940-D: missing return statement at end of non-void function "_release_memory_block"
Target not created
Rebuild target 'RTX'
assembling startup_LPC17xx.s...
compiling system_LPC17xx.c...
compiling uart_polling.c...
compiling main.c...
main.c(13): warning:  #550-D: variable "test" was set but never used
compiling rtx.c...
rtx.c(20): error:  #268: declaration may not appear after executable statement in block
rtx.c(21): error:  #513: a value of type "U32" cannot be assigned to an entity of type "mem_blk"
rtx.c(23): error:  #144: a value of type "U32" cannot be used to initialize an entity of type "void *"
rtx.c(24): error:  #154: expression must have struct or union type
rtx.c(25): error:  #513: a value of type "void *" cannot be assigned to an entity of type "mem_blk"
rtx.c(30): error:  #79: expected a type specifier
rtx.c(30): error:  #147-D: declaration is incompatible with "void *_request_memory_block(U32)__svc(2147483648)" (declared at line 86 of "rtx.h")
rtx.c(30): error:  #141-D: unnamed prototyped parameters not allowed when body is present
rtx.c(31): warning:  #223-D: function "atomic" declared implicitly
rtx.c(31): error:  #20: identifier "on" is undefined
rtx.c(33): error:  #268: declaration may not appear after executable statement in block
rtx.c(33): error:  #144: a value of type "mem_blk" cannot be used to initialize an entity of type "void *"
rtx.c(34): error:  #513: a value of type "struct mem_blk_tag *" cannot be assigned to an entity of type "mem_blk"
rtx.c(36): error:  #20: identifier "off" is undefined
rtx.c(40): error:  #79: expected a type specifier
rtx.c(40): error:  #147-D: declaration is incompatible with "int _release_memory_block(U32, void *)__svc(2147483648)" (declared at line 90 of "rtx.h")
rtx.c(40): error:  #141-D: unnamed prototyped parameters not allowed when body is present
rtx.c(42): warning:  #1-D: last line of file ends without a newline
rtx.c(42): warning:  #940-D: missing return statement at end of non-void function "_release_memory_block"
Target not created
Rebuild target 'RTX'
assembling startup_LPC17xx.s...
compiling system_LPC17xx.c...
compiling uart_polling.c...
compiling main.c...
main.c(13): warning:  #550-D: variable "test" was set but never used
compiling rtx.c...
rtx.c(20): error:  #268: declaration may not appear after executable statement in block
rtx.c(21): error:  #513: a value of type "U32" cannot be assigned to an entity of type "mem_blk"
rtx.c(23): error:  #144: a value of type "U32" cannot be used to initialize an entity of type "void *"
rtx.c(24): error:  #154: expression must have struct or union type
rtx.c(25): error:  #513: a value of type "void *" cannot be assigned to an entity of type "mem_blk"
rtx.c(30): error:  #79: expected a type specifier
rtx.c(30): error:  #147-D: declaration is incompatible with "void *_request_memory_block(U32)__svc(2147483648)" (declared at line 86 of "rtx.h")
rtx.c(30): error:  #141-D: unnamed prototyped parameters not allowed when body is present
rtx.c(31): warning:  #223-D: function "atomic" declared implicitly
rtx.c(31): error:  #20: identifier "on" is undefined
rtx.c(33): error:  #268: declaration may not appear after executable statement in block
rtx.c(33): error:  #144: a value of type "mem_blk" cannot be used to initialize an entity of type "void *"
rtx.c(34): error:  #513: a value of type "struct mem_blk_tag *" cannot be assigned to an entity of type "mem_blk"
rtx.c(36): error:  #20: identifier "off" is undefined
rtx.c(40): error:  #79: expected a type specifier
rtx.c(40): error:  #147-D: declaration is incompatible with "int _release_memory_block(U32, void *)__svc(2147483648)" (declared at line 90 of "rtx.h")
rtx.c(40): error:  #141-D: unnamed prototyped parameters not allowed when body is present
rtx.c(42): warning:  #1-D: last line of file ends without a newline
rtx.c(42): warning:  #940-D: missing return statement at end of non-void function "_release_memory_block"
Target not created
Rebuild target 'RTX'
assembling startup_LPC17xx.s...
compiling system_LPC17xx.c...
compiling uart_polling.c...
compiling main.c...
main.c(13): warning:  #550-D: variable "test" was set but never used
compiling rtx.c...
rtx.c(20): error:  #268: declaration may not appear after executable statement in block
rtx.c(22): error:  #513: a value of type "U32" cannot be assigned to an entity of type "mem_blk"
rtx.c(24): error:  #144: a value of type "U32" cannot be used to initialize an entity of type "void *"
rtx.c(25): error:  #154: expression must have struct or union type
rtx.c(26): error:  #513: a value of type "void *" cannot be assigned to an entity of type "mem_blk"
rtx.c(31): error:  #79: expected a type specifier
rtx.c(31): error:  #147-D: declaration is incompatible with "void *_request_memory_block(U32)__svc(2147483648)" (declared at line 86 of "rtx.h")
rtx.c(31): error:  #141-D: unnamed prototyped parameters not allowed when body is present
rtx.c(32): warning:  #223-D: function "atomic" declared implicitly
rtx.c(32): error:  #20: identifier "on" is undefined
rtx.c(34): error:  #268: declaration may not appear after executable statement in block
rtx.c(34): error:  #144: a value of type "mem_blk" cannot be used to initialize an entity of type "void *"
rtx.c(35): error:  #513: a value of type "struct mem_blk_tag *" cannot be assigned to an entity of type "mem_blk"
rtx.c(37): error:  #20: identifier "off" is undefined
rtx.c(41): error:  #79: expected a type specifier
rtx.c(41): error:  #147-D: declaration is incompatible with "int _release_memory_block(U32, void *)__svc(2147483648)" (declared at line 90 of "rtx.h")
rtx.c(41): error:  #141-D: unnamed prototyped parameters not allowed when body is present
rtx.c(43): warning:  #1-D: last line of file ends without a newline
rtx.c(43): warning:  #940-D: missing return statement at end of non-void function "_release_memory_block"
Target not created
Rebuild target 'RTX'
assembling startup_LPC17xx.s...
compiling system_LPC17xx.c...
compiling uart_polling.c...
compiling main.c...
main.c(13): warning:  #550-D: variable "test" was set but never used
compiling rtx.c...
rtx.c(23): error:  #513: a value of type "U32" cannot be assigned to an entity of type "mem_blk"
rtx.c(25): error:  #144: a value of type "U32" cannot be used to initialize an entity of type "void *"
rtx.c(26): error:  #154: expression must have struct or union type
rtx.c(27): error:  #513: a value of type "void *" cannot be assigned to an entity of type "mem_blk"
rtx.c(32): error:  #79: expected a type specifier
rtx.c(32): error:  #147-D: declaration is incompatible with "void *_request_memory_block(U32)__svc(2147483648)" (declared at line 86 of "rtx.h")
rtx.c(32): error:  #141-D: unnamed prototyped parameters not allowed when body is present
rtx.c(33): warning:  #223-D: function "atomic" declared implicitly
rtx.c(33): error:  #20: identifier "on" is undefined
rtx.c(35): error:  #268: declaration may not appear after executable statement in block
rtx.c(35): error:  #144: a value of type "mem_blk" cannot be used to initialize an entity of type "void *"
rtx.c(36): error:  #513: a value of type "struct mem_blk_tag *" cannot be assigned to an entity of type "mem_blk"
rtx.c(38): error:  #20: identifier "off" is undefined
rtx.c(42): error:  #79: expected a type specifier
rtx.c(42): error:  #147-D: declaration is incompatible with "int _release_memory_block(U32, void *)__svc(2147483648)" (declared at line 90 of "rtx.h")
rtx.c(42): error:  #141-D: unnamed prototyped parameters not allowed when body is present
rtx.c(44): warning:  #1-D: last line of file ends without a newline
rtx.c(44): warning:  #940-D: missing return statement at end of non-void function "_release_memory_block"
Target not created
Rebuild target 'RTX'
assembling startup_LPC17xx.s...
compiling system_LPC17xx.c...
compiling uart_polling.c...
compiling main.c...
main.c(13): warning:  #550-D: variable "test" was set but never used
compiling rtx.c...
rtx.c(23): error:  #513: a value of type "U32" cannot be assigned to an entity of type "mem_blk *"
rtx.c(25): error:  #144: a value of type "U32" cannot be used to initialize an entity of type "void *"
rtx.c(26): error:  #154: expression must have struct or union type
rtx.c(32): error:  #79: expected a type specifier
rtx.c(32): error:  #147-D: declaration is incompatible with "void *_request_memory_block(U32)__svc(2147483648)" (declared at line 86 of "rtx.h")
rtx.c(32): error:  #141-D: unnamed prototyped parameters not allowed when body is present
rtx.c(33): warning:  #223-D: function "atomic" declared implicitly
rtx.c(33): error:  #20: identifier "on" is undefined
rtx.c(35): error:  #268: declaration may not appear after executable statement in block
rtx.c(36): error:  #154: expression must have struct or union type
rtx.c(38): error:  #20: identifier "off" is undefined
rtx.c(42): error:  #79: expected a type specifier
rtx.c(42): error:  #147-D: declaration is incompatible with "int _release_memory_block(U32, void *)__svc(2147483648)" (declared at line 90 of "rtx.h")
rtx.c(42): error:  #141-D: unnamed prototyped parameters not allowed when body is present
rtx.c(44): warning:  #1-D: last line of file ends without a newline
rtx.c(44): warning:  #940-D: missing return statement at end of non-void function "_release_memory_block"
Target not created
Rebuild target 'RTX'
assembling startup_LPC17xx.s...
compiling system_LPC17xx.c...
compiling uart_polling.c...
compiling main.c...
main.c(13): warning:  #550-D: variable "test" was set but never used
compiling rtx.c...
rtx.c(25): error:  #144: a value of type "U32" cannot be used to initialize an entity of type "void *"
rtx.c(26): error:  #154: expression must have struct or union type
rtx.c(32): error:  #79: expected a type specifier
rtx.c(32): error:  #147-D: declaration is incompatible with "void *_request_memory_block(U32)__svc(2147483648)" (declared at line 86 of "rtx.h")
rtx.c(32): error:  #141-D: unnamed prototyped parameters not allowed when body is present
rtx.c(33): warning:  #223-D: function "atomic" declared implicitly
rtx.c(33): error:  #20: identifier "on" is undefined
rtx.c(35): error:  #268: declaration may not appear after executable statement in block
rtx.c(36): error:  #154: expression must have struct or union type
rtx.c(38): error:  #20: identifier "off" is undefined
rtx.c(42): error:  #79: expected a type specifier
rtx.c(42): error:  #147-D: declaration is incompatible with "int _release_memory_block(U32, void *)__svc(2147483648)" (declared at line 90 of "rtx.h")
rtx.c(42): error:  #141-D: unnamed prototyped parameters not allowed when body is present
rtx.c(44): warning:  #1-D: last line of file ends without a newline
rtx.c(44): warning:  #940-D: missing return statement at end of non-void function "_release_memory_block"
Target not created
Rebuild target 'RTX'
assembling startup_LPC17xx.s...
compiling system_LPC17xx.c...
compiling uart_polling.c...
compiling main.c...
main.c(13): warning:  #550-D: variable "test" was set but never used
compiling rtx.c...
rtx.c(26): error:  #154: expression must have struct or union type
rtx.c(32): error:  #79: expected a type specifier
rtx.c(32): error:  #147-D: declaration is incompatible with "void *_request_memory_block(U32)__svc(2147483648)" (declared at line 86 of "rtx.h")
rtx.c(32): error:  #141-D: unnamed prototyped parameters not allowed when body is present
rtx.c(33): warning:  #223-D: function "atomic" declared implicitly
rtx.c(33): error:  #20: identifier "on" is undefined
rtx.c(35): error:  #268: declaration may not appear after executable statement in block
rtx.c(36): error:  #154: expression must have struct or union type
rtx.c(38): error:  #20: identifier "off" is undefined
rtx.c(42): error:  #79: expected a type specifier
rtx.c(42): error:  #147-D: declaration is incompatible with "int _release_memory_block(U32, void *)__svc(2147483648)" (declared at line 90 of "rtx.h")
rtx.c(42): error:  #141-D: unnamed prototyped parameters not allowed when body is present
rtx.c(44): warning:  #1-D: last line of file ends without a newline
rtx.c(44): warning:  #940-D: missing return statement at end of non-void function "_release_memory_block"
Target not created
Rebuild target 'RTX'
assembling startup_LPC17xx.s...
compiling system_LPC17xx.c...
compiling uart_polling.c...
compiling main.c...
main.c(13): warning:  #550-D: variable "test" was set but never used
compiling rtx.c...
rtx.c(32): error:  #79: expected a type specifier
rtx.c(32): error:  #147-D: declaration is incompatible with "void *_request_memory_block(U32)__svc(2147483648)" (declared at line 86 of "rtx.h")
rtx.c(32): error:  #141-D: unnamed prototyped parameters not allowed when body is present
rtx.c(33): warning:  #223-D: function "atomic" declared implicitly
rtx.c(33): error:  #20: identifier "on" is undefined
rtx.c(35): error:  #268: declaration may not appear after executable statement in block
rtx.c(36): error:  #154: expression must have struct or union type
rtx.c(38): error:  #20: identifier "off" is undefined
rtx.c(42): error:  #79: expected a type specifier
rtx.c(42): error:  #147-D: declaration is incompatible with "int _release_memory_block(U32, void *)__svc(2147483648)" (declared at line 90 of "rtx.h")
rtx.c(42): error:  #141-D: unnamed prototyped parameters not allowed when body is present
rtx.c(44): warning:  #1-D: last line of file ends without a newline
rtx.c(44): warning:  #940-D: missing return statement at end of non-void function "_release_memory_block"
Target not created
Rebuild target 'RTX'
assembling startup_LPC17xx.s...
compiling system_LPC17xx.c...
compiling uart_polling.c...
compiling main.c...
main.c(13): warning:  #550-D: variable "test" was set but never used
compiling rtx.c...
rtx.c(32): error:  #79: expected a type specifier
rtx.c(32): error:  #147: declaration is incompatible with "void *_request_memory_block(U32)__svc(2147483648)" (declared at line 86 of "rtx.h")
rtx.c(32): error:  #141-D: unnamed prototyped parameters not allowed when body is present
rtx.c(33): warning:  #223-D: function "atomic" declared implicitly
rtx.c(33): error:  #20: identifier "on" is undefined
rtx.c(35): error:  #268: declaration may not appear after executable statement in block
rtx.c(36): error:  #154: expression must have struct or union type
rtx.c(38): error:  #20: identifier "off" is undefined
rtx.c(42): error:  #79: expected a type specifier
rtx.c(42): error:  #147-D: declaration is incompatible with "int _release_memory_block(U32, void *)__svc(2147483648)" (declared at line 90 of "rtx.h")
rtx.c(42): error:  #141-D: unnamed prototyped parameters not allowed when body is present
rtx.c(44): warning:  #1-D: last line of file ends without a newline
rtx.c(44): warning:  #940-D: missing return statement at end of non-void function "_release_memory_block"
Target not created
Rebuild target 'RTX'
assembling startup_LPC17xx.s...
compiling system_LPC17xx.c...
compiling uart_polling.c...
compiling main.c...
main.c(13): warning:  #550-D: variable "test" was set but never used
compiling rtx.c...
rtx.c(32): error:  #55-D: too many arguments in invocation of macro "request_memory_block"
rtx.c(32): error:  #79: expected a type specifier
rtx.c(32): error:  #147-D: declaration is incompatible with "void *_request_memory_block(U32)__svc(2147483648)" (declared at line 86 of "rtx.h")
rtx.c(32): error:  #141-D: unnamed prototyped parameters not allowed when body is present
rtx.c(33): warning:  #223-D: function "atomic" declared implicitly
rtx.c(33): error:  #20: identifier "on" is undefined
rtx.c(35): error:  #268: declaration may not appear after executable statement in block
rtx.c(36): error:  #154: expression must have struct or union type
rtx.c(38): error:  #20: identifier "off" is undefined
rtx.c(42): error:  #79: expected a type specifier
rtx.c(42): error:  #147-D: declaration is incompatible with "int _release_memory_block(U32, void *)__svc(2147483648)" (declared at line 90 of "rtx.h")
rtx.c(42): error:  #141-D: unnamed prototyped parameters not allowed when body is present
rtx.c(44): warning:  #1-D: last line of file ends without a newline
rtx.c(44): warning:  #940-D: missing return statement at end of non-void function "_release_memory_block"
Target not created
Rebuild target 'RTX'
assembling startup_LPC17xx.s...
compiling system_LPC17xx.c...
compiling uart_polling.c...
compiling main.c...
main.c(13): warning:  #550-D: variable "test" was set but never used
compiling rtx.c...
rtx.c(33): warning:  #223-D: function "atomic" declared implicitly
rtx.c(33): error:  #20: identifier "on" is undefined
rtx.c(35): error:  #268: declaration may not appear after executable statement in block
rtx.c(36): error:  #154: expression must have struct or union type
rtx.c(38): error:  #20: identifier "off" is undefined
rtx.c(44): warning:  #1-D: last line of file ends without a newline
rtx.c(44): warning:  #940-D: missing return statement at end of non-void function "k_release_memory_block"
Target not created
Rebuild target 'RTX'
assembling startup_LPC17xx.s...
compiling system_LPC17xx.c...
compiling uart_polling.c...
compiling main.c...
main.c(13): warning:  #550-D: variable "test" was set but never used
compiling rtx.c...
rtx.c(36): error:  #154: expression must have struct or union type
rtx.c(44): warning:  #1-D: last line of file ends without a newline
rtx.c(44): warning:  #940-D: missing return statement at end of non-void function "k_release_memory_block"
Target not created
Rebuild target 'RTX'
assembling startup_LPC17xx.s...
compiling system_LPC17xx.c...
compiling uart_polling.c...
compiling main.c...
main.c(13): warning:  #550-D: variable "test" was set but never used
compiling rtx.c...
rtx.c(44): warning:  #1-D: last line of file ends without a newline
rtx.c(44): warning:  #940-D: missing return statement at end of non-void function "k_release_memory_block"
linking...
Program Size: Code=1284 RO-data=236 RW-data=8 ZI-data=608  
"rtx.axf" - 0 Error(s), 3 Warning(s).
Rebuild target 'RTX'
assembling startup_LPC17xx.s...
compiling system_LPC17xx.c...
compiling uart_polling.c...
compiling main.c...
main.c(13): warning:  #550-D: variable "test" was set but never used
compiling rtx.c...
linking...
Program Size: Code=1284 RO-data=236 RW-data=8 ZI-data=608  
"rtx.axf" - 0 Error(s), 1 Warning(s).
Rebuild target 'RTX'
assembling startup_LPC17xx.s...
compiling system_LPC17xx.c...
compiling uart_polling.c...
compiling main.c...
main.c(13): warning:  #550-D: variable "test" was set but never used
compiling rtx.c...
linking...
Program Size: Code=1284 RO-data=236 RW-data=8 ZI-data=608  
"rtx.axf" - 0 Error(s), 1 Warning(s).
Load "N:\\se_350\\se350-awesome-os\\rtx.AXF" 
No Algorithm found for: 10000000H - 100005F3H
Partial Erase Done (areas with no algorithms skipped!)
No Algorithm found for: 10000000H - 100005F3H
Partial Programming Done (areas with no algorithms skipped!)
Partial Verify OK (areas with no algorithms skipped!)
Rebuild target 'RTX'
assembling startup_LPC17xx.s...
compiling system_LPC17xx.c...
compiling uart_polling.c...
compiling main.c...
main.c(13): warning:  #550-D: variable "test" was set but never used
compiling rtx.c...
rtx.c(39): error:  #268: declaration may not appear after executable statement in block
Target not created
Rebuild target 'RTX'
assembling startup_LPC17xx.s...
compiling system_LPC17xx.c...
compiling uart_polling.c...
compiling main.c...
main.c(13): warning:  #550-D: variable "test" was set but never used
compiling rtx.c...
linking...
Program Size: Code=1296 RO-data=236 RW-data=8 ZI-data=608  
"rtx.axf" - 0 Error(s), 1 Warning(s).
Rebuild target 'RTX'
assembling startup_LPC17xx.s...
compiling system_LPC17xx.c...
compiling uart_polling.c...
compiling main.c...
main.c(13): warning:  #550-D: variable "test" was set but never used
compiling rtx.c...
rtx.c(59): error:  #132: expression must have pointer-to-struct-or-union type
Target not created
Rebuild target 'RTX'
assembling startup_LPC17xx.s...
compiling system_LPC17xx.c...
compiling uart_polling.c...
compiling main.c...
main.c(13): warning:  #550-D: variable "test" was set but never used
compiling rtx.c...
rtx.c(59): error:  #132: expression must have pointer-to-struct-or-union type
Target not created
Rebuild target 'RTX'
assembling startup_LPC17xx.s...
compiling system_LPC17xx.c...
compiling uart_polling.c...
compiling main.c...
main.c(13): warning:  #550-D: variable "test" was set but never used
compiling rtx.c...
linking...
Program Size: Code=1316 RO-data=236 RW-data=8 ZI-data=608  
"rtx.axf" - 0 Error(s), 1 Warning(s).
